// Jest Snapshot v1, https://goo.gl/fbAQLP

exports[`App should render correctly on startup 1`] = `
<div>
  <div>
    <form
      autoComplete="off"
      className="calc__form"
      onSubmit={[Function]}
    >
      <input
        className="calc__input"
        id="input"
        onChange={[Function]}
        type="text"
        value="5*5"
      />
      <button
        className="calc__button calc__button-equal"
        id="equal"
        onClick={[Function]}
      >
         = 
      </button>
    </form>
    <span
      className="calc__result"
      id="result"
    >
       
      25
       
    </span>
  </div>
  <div>
    <button
      className="calc__button"
      id="d7"
      onClick={[Function]}
    >
       7 
    </button>
    <button
      className="calc__button"
      id="d8"
      onClick={[Function]}
    >
       8 
    </button>
    <button
      className="calc__button"
      id="d9"
      onClick={[Function]}
    >
       9 
    </button>
    <button
      className="calc__button"
      id="div"
      onClick={[Function]}
    >
       ÷ 
    </button>
  </div>
  <div>
    <button
      className="calc__button"
      id="d4"
      onClick={[Function]}
    >
       4 
    </button>
    <button
      className="calc__button"
      id="d5"
      onClick={[Function]}
    >
       5 
    </button>
    <button
      className="calc__button"
      id="d6"
      onClick={[Function]}
    >
       6 
    </button>
    <button
      className="calc__button"
      id="mult"
      onClick={[Function]}
    >
       × 
    </button>
  </div>
  <div>
    <button
      className="calc__button"
      id="d1"
      onClick={[Function]}
    >
       1 
    </button>
    <button
      className="calc__button"
      id="d2"
      onClick={[Function]}
    >
       2 
    </button>
    <button
      className="calc__button"
      id="d3"
      onClick={[Function]}
    >
       3 
    </button>
    <button
      className="calc__button"
      id="add"
      onClick={[Function]}
    >
       + 
    </button>
  </div>
  <div>
    <button
      className="calc__button"
      id="d0"
      onClick={[Function]}
    >
       0 
    </button>
    <button
      className="calc__button calc__button-clear"
      id="clear"
      onClick={[Function]}
    >
       C 
    </button>
    <button
      className="calc__button"
      id="pow"
      onClick={[Function]}
    >
       ^ 
    </button>
    <button
      className="calc__button"
      id="sub"
      onClick={[Function]}
    >
       − 
    </button>
  </div>
</div>
`;
